c:\users\zetsr\documents\github\dragons-legacy-cheat-sdk\dragons_legacy\x64\release\vc142.pdb
c:\users\zetsr\documents\github\dragons-legacy-cheat-sdk\dragons_legacy\x64\release\setup_imgui.obj
c:\users\zetsr\documents\github\dragons-legacy-cheat-sdk\dragons_legacy\x64\release\render.obj
c:\users\zetsr\documents\github\dragons-legacy-cheat-sdk\dragons_legacy\x64\release\mdx12_globals.obj
c:\users\zetsr\documents\github\dragons-legacy-cheat-sdk\dragons_legacy\x64\release\input.obj
c:\users\zetsr\documents\github\dragons-legacy-cheat-sdk\dragons_legacy\x64\release\hook.obj
c:\users\zetsr\documents\github\dragons-legacy-cheat-sdk\dragons_legacy\x64\release\dllmain.obj
c:\users\zetsr\documents\github\dragons-legacy-cheat-sdk\dragons_legacy\x64\release\imgui_widgets.obj
c:\users\zetsr\documents\github\dragons-legacy-cheat-sdk\dragons_legacy\x64\release\imgui_tables.obj
c:\users\zetsr\documents\github\dragons-legacy-cheat-sdk\dragons_legacy\x64\release\imgui_impl_win32.obj
c:\users\zetsr\documents\github\dragons-legacy-cheat-sdk\dragons_legacy\x64\release\imgui_impl_dx12.obj
c:\users\zetsr\documents\github\dragons-legacy-cheat-sdk\dragons_legacy\x64\release\imgui_draw.obj
c:\users\zetsr\documents\github\dragons-legacy-cheat-sdk\dragons_legacy\x64\release\imgui_demo.obj
c:\users\zetsr\documents\github\dragons-legacy-cheat-sdk\dragons_legacy\x64\release\imgui.obj
c:\users\zetsr\documents\github\dragons-legacy-cheat-sdk\dragons_legacy\x64\release\esp.obj
c:\users\zetsr\documents\github\dragons-legacy-cheat-sdk\dragons_legacy\x64\release\drawesp.obj
c:\users\zetsr\documents\github\dragons-legacy-cheat-sdk\dragons_legacy\x64\release\drawimgui.obj
c:\users\zetsr\documents\github\dragons-legacy-cheat-sdk\dragons_legacy\x64\release\sdk_impl.obj
c:\users\zetsr\documents\github\dragons-legacy-cheat-sdk\dragons_legacy\x64\release\dragons_legacy.lib
c:\users\zetsr\documents\github\dragons-legacy-cheat-sdk\dragons_legacy\x64\release\dragons_legacy.exp
c:\users\zetsr\documents\github\dragons-legacy-cheat-sdk\dragons_legacy\x64\release\dragons_legacy.ipdb
c:\users\zetsr\documents\github\dragons-legacy-cheat-sdk\dragons_legacy\x64\release\dragons_legacy.iobj
c:\users\zetsr\documents\github\dragons-legacy-cheat-sdk\dragons_legacy\x64\release\dragons_legacy.dll
c:\users\zetsr\documents\github\dragons-legacy-cheat-sdk\dragons_legacy\x64\release\dragons_legacy.pdb
c:\users\zetsr\documents\github\dragons-legacy-cheat-sdk\dragons_legacy\x64\release\dragons_legacy.tlog\cl.command.1.tlog
c:\users\zetsr\documents\github\dragons-legacy-cheat-sdk\dragons_legacy\x64\release\dragons_legacy.tlog\cl.read.1.tlog
c:\users\zetsr\documents\github\dragons-legacy-cheat-sdk\dragons_legacy\x64\release\dragons_legacy.tlog\cl.write.1.tlog
c:\users\zetsr\documents\github\dragons-legacy-cheat-sdk\dragons_legacy\x64\release\dragons_legacy.tlog\dragons_legacy.write.1u.tlog
c:\users\zetsr\documents\github\dragons-legacy-cheat-sdk\dragons_legacy\x64\release\dragons_legacy.tlog\link.command.1.tlog
c:\users\zetsr\documents\github\dragons-legacy-cheat-sdk\dragons_legacy\x64\release\dragons_legacy.tlog\link.read.1.tlog
c:\users\zetsr\documents\github\dragons-legacy-cheat-sdk\dragons_legacy\x64\release\dragons_legacy.tlog\link.write.1.tlog
